2026-09-18 11:11:47,598 | INFO | httpx | HTTP Request: PUT http://testserver/api/settings "HTTP/1.1 200 OK"
2026-09-18 11:11:47,601 | INFO | httpx | HTTP Request: GET http://testserver/api/settings "HTTP/1.1 200 OK"
2026-09-18 11:11:47,613 | INFO | httpx | HTTP Request: POST http://testserver/api/demo/items "HTTP/1.1 200 OK"
2026-09-18 11:11:47,621 | INFO | httpx | HTTP Request: POST http://testserver/api/demo/items "HTTP/1.1 200 OK"
2026-09-18 11:11:47,626 | INFO | httpx | HTTP Request: POST http://testserver/api/demo/recover "HTTP/1.1 200 OK"
2026-09-18 11:11:47,629 | INFO | httpx | HTTP Request: POST http://testserver/api/demo/recover "HTTP/1.1 200 OK"
2026-09-18 11:11:47,644 | INFO | httpx | HTTP Request: GET http://testserver/api/health "HTTP/1.1 200 OK"
2026-09-18 11:11:47,656 | INFO | httpx | HTTP Request: GET http://testserver/api/dashboard "HTTP/1.1 200 OK"
2026-09-18 11:11:47,656 | INFO | httpx | HTTP Request: POST http://testserver/api/demo/items "HTTP/1.1 400 Bad Request"
2026-09-18 11:11:47,659 | INFO | httpx | HTTP Request: GET http://testserver/api/items?status=missing "HTTP/1.1 400 Bad Request"
2026-09-18 11:11:47,661 | INFO | httpx | HTTP Request: GET http://testserver/api/items/999999 "HTTP/1.1 404 Not Found"
2026-09-18 11:11:47,668 | INFO | httpx | HTTP Request: POST http://testserver/api/demo/items "HTTP/1.1 200 OK"
2026-09-18 11:11:47,670 | INFO | httpx | HTTP Request: PATCH http://testserver/api/items/5 "HTTP/1.1 400 Bad Request"
2026-09-18 11:11:47,672 | INFO | httpx | HTTP Request: PATCH http://testserver/api/items/5 "HTTP/1.1 400 Bad Request"
2026-09-18 11:11:47,673 | INFO | httpx | HTTP Request: PATCH http://testserver/api/items/5 "HTTP/1.1 422 Unprocessable Entity"
2026-09-18 11:11:47,673 | INFO | httpx | HTTP Request: POST http://testserver/api/items/5/extend "HTTP/1.1 422 Unprocessable Entity"
2026-09-18 11:11:47,674 | INFO | httpx | HTTP Request: PUT http://testserver/api/settings "HTTP/1.1 400 Bad Request"
2026-09-18 11:11:47,675 | INFO | httpx | HTTP Request: PUT http://testserver/api/settings "HTTP/1.1 400 Bad Request"
2026-09-18 11:11:47,676 | INFO | httpx | HTTP Request: PUT http://testserver/api/settings "HTTP/1.1 400 Bad Request"
2026-09-18 11:11:47,676 | INFO | httpx | HTTP Request: PUT http://testserver/api/settings "HTTP/1.1 400 Bad Request"
2026-09-18 11:11:47,677 | INFO | httpx | HTTP Request: PUT http://testserver/api/settings "HTTP/1.1 400 Bad Request"
2026-09-18 11:11:47,679 | INFO | httpx | HTTP Request: PUT http://testserver/api/settings "HTTP/1.1 400 Bad Request"
2026-09-18 11:11:47,682 | INFO | httpx | HTTP Request: PUT http://testserver/api/settings "HTTP/1.1 400 Bad Request"
2026-09-18 11:11:47,788 | INFO | httpx | HTTP Request: POST http://testserver/api/items/11/recover "HTTP/1.1 200 OK"
2026-09-18 11:11:47,790 | INFO | httpx | HTTP Request: POST http://testserver/api/items/11/recover "HTTP/1.1 200 OK"
2026-09-18 11:11:47,793 | INFO | httpx | HTTP Request: POST http://testserver/api/items/11/dispose "HTTP/1.1 409 Conflict"
2026-09-18 11:11:47,797 | INFO | httpx | HTTP Request: POST http://testserver/api/items/11/restore "HTTP/1.1 200 OK"
2026-09-18 11:11:47,799 | INFO | httpx | HTTP Request: POST http://testserver/api/items/11/restore "HTTP/1.1 200 OK"
2026-09-18 11:11:47,808 | INFO | httpx | HTTP Request: POST http://testserver/api/items/12/dispose "HTTP/1.1 200 OK"
2026-09-18 11:11:47,809 | INFO | httpx | HTTP Request: POST http://testserver/api/items/12/dispose "HTTP/1.1 200 OK"
2026-09-18 11:11:47,811 | INFO | httpx | HTTP Request: POST http://testserver/api/items/12/recover "HTTP/1.1 409 Conflict"
2026-09-18 11:11:47,813 | INFO | httpx | HTTP Request: POST http://testserver/api/items/999999/recover "HTTP/1.1 404 Not Found"
2026-09-18 11:11:47,815 | INFO | httpx | HTTP Request: POST http://testserver/api/items/999999/dispose "HTTP/1.1 404 Not Found"
2026-09-18 11:11:47,817 | INFO | httpx | HTTP Request: POST http://testserver/api/items/999999/restore "HTTP/1.1 404 Not Found"
2026-09-18 11:11:47,918 | INFO | httpx | HTTP Request: PUT http://testserver/api/settings "HTTP/1.1 200 OK"
2026-09-18 11:11:47,921 | INFO | httpx | HTTP Request: GET http://testserver/api/settings "HTTP/1.1 200 OK"
2026-09-18 11:11:47,925 | INFO | httpx | HTTP Request: POST http://testserver/api/camera/rebaseline "HTTP/1.1 200 OK"
2026-09-18 11:11:48,379 | INFO | httpx | HTTP Request: PUT http://testserver/api/settings "HTTP/1.1 400 Bad Request"
2026-09-18 11:11:48,381 | INFO | httpx | HTTP Request: PUT http://testserver/api/settings "HTTP/1.1 400 Bad Request"
2026-09-18 11:11:48,384 | INFO | httpx | HTTP Request: PUT http://testserver/api/settings "HTTP/1.1 400 Bad Request"
2026-09-18 11:11:48,387 | INFO | httpx | HTTP Request: PUT http://testserver/api/settings "HTTP/1.1 400 Bad Request"
2026-09-18 11:11:48,390 | INFO | httpx | HTTP Request: PUT http://testserver/api/settings "HTTP/1.1 400 Bad Request"
2026-09-18 11:11:48,393 | INFO | httpx | HTTP Request: PUT http://testserver/api/settings "HTTP/1.1 400 Bad Request"
2026-09-18 11:11:48,395 | INFO | httpx | HTTP Request: PUT http://testserver/api/settings "HTTP/1.1 400 Bad Request"
2026-09-18 11:11:48,398 | INFO | httpx | HTTP Request: PUT http://testserver/api/settings "HTTP/1.1 400 Bad Request"
2026-09-18 11:11:48,401 | INFO | httpx | HTTP Request: PUT http://testserver/api/settings "HTTP/1.1 400 Bad Request"
2026-09-18 11:11:48,404 | INFO | httpx | HTTP Request: PUT http://testserver/api/settings "HTTP/1.1 400 Bad Request"
2026-09-18 11:11:48,431 | INFO | httpx | HTTP Request: POST http://testserver/api/items/1/extend "HTTP/1.1 200 OK"
2026-09-18 11:11:48,460 | INFO | httpx | HTTP Request: POST http://testserver/api/maintenance/reset "HTTP/1.1 409 Conflict"
2026-09-18 11:11:48,479 | INFO | httpx | HTTP Request: PATCH http://testserver/api/items/1 "HTTP/1.1 400 Bad Request"
2026-09-18 11:11:48,483 | INFO | httpx | HTTP Request: PATCH http://testserver/api/items/1 "HTTP/1.1 400 Bad Request"
2026-09-18 11:11:48,490 | INFO | httpx | HTTP Request: PATCH http://testserver/api/items/1 "HTTP/1.1 200 OK"
2026-09-18 11:11:48,547 | INFO | httpx | HTTP Request: POST http://testserver/api/maintenance/reset "HTTP/1.1 409 Conflict"
2026-09-18 11:11:48,549 | INFO | httpx | HTTP Request: POST http://testserver/api/maintenance/reset "HTTP/1.1 409 Conflict"
2026-09-18 11:11:48,552 | INFO | httpx | HTTP Request: POST http://testserver/api/maintenance/reset "HTTP/1.1 409 Conflict"
2026-09-18 11:11:48,553 | INFO | httpx | HTTP Request: POST http://testserver/api/maintenance/reset "HTTP/1.1 409 Conflict"
2026-09-18 11:11:48,579 | INFO | httpx | HTTP Request: PUT http://testserver/api/settings "HTTP/1.1 200 OK"
2026-09-18 11:11:49,545 | INFO | httpx | HTTP Request: POST http://testserver/api/demo/recover "HTTP/1.1 404 Not Found"
2026-09-18 11:11:49,548 | INFO | httpx | HTTP Request: POST http://testserver/api/demo/recover "HTTP/1.1 409 Conflict"
2026-09-18 11:11:49,555 | INFO | httpx | HTTP Request: POST http://testserver/api/demo/items "HTTP/1.1 200 OK"
2026-09-18 11:11:49,561 | INFO | httpx | HTTP Request: PATCH http://testserver/api/items/2 "HTTP/1.1 200 OK"
2026-09-18 11:11:49,570 | INFO | httpx | HTTP Request: POST http://testserver/api/demo/recover "HTTP/1.1 200 OK"
2026-09-18 11:11:49,596 | INFO | httpx | HTTP Request: POST http://testserver/api/items/1/dismiss "HTTP/1.1 200 OK"
2026-09-18 11:11:49,600 | INFO | httpx | HTTP Request: GET http://testserver/api/items "HTTP/1.1 200 OK"
2026-09-18 11:11:49,605 | INFO | httpx | HTTP Request: GET http://testserver/api/items?status=dismissed "HTTP/1.1 200 OK"
2026-09-18 11:11:49,609 | INFO | httpx | HTTP Request: POST http://testserver/api/items/1/recover "HTTP/1.1 409 Conflict"
2026-09-18 11:11:49,612 | INFO | httpx | HTTP Request: POST http://testserver/api/items/1/dispose "HTTP/1.1 409 Conflict"
2026-09-18 11:11:49,614 | INFO | httpx | HTTP Request: POST http://testserver/api/items/1/extend "HTTP/1.1 409 Conflict"
2026-09-18 11:11:49,622 | INFO | httpx | HTTP Request: POST http://testserver/api/items/1/restore "HTTP/1.1 200 OK"
2026-09-18 11:11:49,651 | INFO | httpx | HTTP Request: PATCH http://testserver/api/items/1 "HTTP/1.1 200 OK"
2026-09-18 11:11:49,657 | INFO | httpx | HTTP Request: PATCH http://testserver/api/items/1 "HTTP/1.1 200 OK"
2026-09-18 11:11:49,749 | INFO | httpx | HTTP Request: GET http://testserver/api/items?category=food&sort=name&limit=2 "HTTP/1.1 200 OK"
2026-09-18 11:11:49,753 | INFO | httpx | HTTP Request: GET http://testserver/api/items?category=food&sort=name&limit=2&offset=2 "HTTP/1.1 200 OK"
2026-09-18 11:11:49,755 | INFO | httpx | HTTP Request: GET http://testserver/api/items?limit=0 "HTTP/1.1 422 Unprocessable Entity"
2026-09-18 11:11:49,756 | INFO | httpx | HTTP Request: GET http://testserver/api/items?limit=101 "HTTP/1.1 422 Unprocessable Entity"
2026-09-18 11:11:49,758 | INFO | httpx | HTTP Request: GET http://testserver/api/items?offset=-1 "HTTP/1.1 422 Unprocessable Entity"
2026-09-18 11:11:49,761 | INFO | httpx | HTTP Request: GET http://testserver/api/items?sort=sql "HTTP/1.1 400 Bad Request"
2026-09-18 11:11:49,763 | INFO | httpx | HTTP Request: GET http://testserver/api/items?review=unknown "HTTP/1.1 400 Bad Request"
2026-09-18 11:11:49,766 | INFO | httpx | HTTP Request: GET http://testserver/api/items?category=unknown "HTTP/1.1 400 Bad Request"
2026-09-18 11:11:49,891 | INFO | httpx | HTTP Request: PATCH http://testserver/api/items/1 "HTTP/1.1 409 Conflict"
2026-09-18 11:11:49,925 | INFO | httpx | HTTP Request: GET http://testserver/api/dashboard "HTTP/1.1 200 OK"
2026-09-18 11:11:50,276 | INFO | httpx | HTTP Request: GET http://testserver/api/items/1 "HTTP/1.1 200 OK"
2026-09-18 11:11:50,281 | INFO | httpx | HTTP Request: GET http://testserver/api/items/1/image?v=2026-09-18T02:11:50.263418Z "HTTP/1.1 200 OK"
2026-09-18 11:11:50,286 | INFO | httpx | HTTP Request: POST http://testserver/api/maintenance/reset "HTTP/1.1 400 Bad Request"
2026-09-18 11:11:50,305 | INFO | httpx | HTTP Request: POST http://testserver/api/maintenance/reset "HTTP/1.1 200 OK"
2026-09-18 11:11:50,318 | INFO | httpx | HTTP Request: GET http://testserver/api/items/2 "HTTP/1.1 200 OK"
2026-09-18 11:11:50,320 | INFO | httpx | HTTP Request: GET http://testserver/api/items/1/image?v=2026-09-18T02:11:50.263418Z "HTTP/1.1 404 Not Found"
2026-09-18 11:11:50,323 | INFO | httpx | HTTP Request: GET http://testserver/api/items/2/image?v=2026-09-18T02:11:50.313602Z "HTTP/1.1 200 OK"
2026-09-18 11:11:57,604 | WARNING | app.vision | Vision delivery ended with 1 uncommitted event(s); committed=1; event_ids=['826229abae9c4db48849e39ece126185']
2026-09-18 11:11:57,717 | WARNING | app.vision | Vision delivery ended with 1 uncommitted event(s); committed=0; event_ids=['498b6389bed64d4d901485598a6899c2']
2026-09-18 11:11:58,346 | WARNING | app.vision | Vision delivery ended with 1 uncommitted event(s); committed=0; event_ids=['6618d750fa3c48889567f9172b948c87']
======================================================================
FAIL: test_demo_phone_edit_recover_restore_and_extend (test_api.ApiIntegrationTests.test_demo_phone_edit_recover_restore_and_extend)
----------------------------------------------------------------------
Traceback (most recent call last):
  File "C:\Users\USER\Downloads\Capstone-team-project-main\tests\test_api.py", line 682, in test_demo_phone_edit_recover_restore_and_extend
    self.assertEqual(phone["bbox"], [430, 265, 240, 250])
    ~~~~~~~~~~~~~~~~^^^^^^^^^^^^^^^^^^^^^^^^^^^^^^^^^^^^^
AssertionError: None != [430, 265, 240, 250]

----------------------------------------------------------------------
Ran 240 tests in 11.769s

FAILED (failures=1)
