2026-09-18 11:08:17,108 | INFO | httpx | HTTP Request: PUT http://testserver/api/settings "HTTP/1.1 200 OK"
2026-09-18 11:08:17,111 | INFO | httpx | HTTP Request: GET http://testserver/api/settings "HTTP/1.1 200 OK"
2026-09-18 11:08:17,124 | INFO | httpx | HTTP Request: POST http://testserver/api/demo/items "HTTP/1.1 200 OK"
2026-09-18 11:08:17,132 | INFO | httpx | HTTP Request: PATCH http://testserver/api/items/2 "HTTP/1.1 200 OK"
2026-09-18 11:08:17,135 | INFO | httpx | HTTP Request: GET http://testserver/api/items?q=Capstone "HTTP/1.1 200 OK"
2026-09-18 11:08:17,141 | INFO | httpx | HTTP Request: POST http://testserver/api/items/2/recover "HTTP/1.1 200 OK"
2026-09-18 11:08:17,147 | INFO | httpx | HTTP Request: POST http://testserver/api/items/2/restore "HTTP/1.1 200 OK"
2026-09-18 11:08:17,154 | INFO | httpx | HTTP Request: POST http://testserver/api/items/2/extend "HTTP/1.1 200 OK"
2026-09-18 11:08:17,159 | INFO | httpx | HTTP Request: PATCH http://testserver/api/items/2 "HTTP/1.1 200 OK"
2026-09-18 11:08:17,164 | INFO | httpx | HTTP Request: POST http://testserver/api/items/2/dispose "HTTP/1.1 200 OK"
2026-09-18 11:08:17,169 | INFO | httpx | HTTP Request: POST http://testserver/api/items/2/restore "HTTP/1.1 200 OK"
2026-09-18 11:08:17,171 | INFO | httpx | HTTP Request: GET http://testserver/api/items/2 "HTTP/1.1 200 OK"
2026-09-18 11:08:17,179 | INFO | httpx | HTTP Request: POST http://testserver/api/demo/items "HTTP/1.1 200 OK"
2026-09-18 11:08:17,184 | INFO | httpx | HTTP Request: POST http://testserver/api/demo/recover "HTTP/1.1 200 OK"
2026-09-18 11:08:17,186 | INFO | httpx | HTTP Request: POST http://testserver/api/demo/recover "HTTP/1.1 200 OK"
2026-09-18 11:08:17,200 | INFO | httpx | HTTP Request: GET http://testserver/api/health "HTTP/1.1 200 OK"
2026-09-18 11:08:17,210 | INFO | httpx | HTTP Request: GET http://testserver/api/dashboard "HTTP/1.1 200 OK"
2026-09-18 11:08:17,211 | INFO | httpx | HTTP Request: POST http://testserver/api/demo/items "HTTP/1.1 400 Bad Request"
2026-09-18 11:08:17,213 | INFO | httpx | HTTP Request: GET http://testserver/api/items?status=missing "HTTP/1.1 400 Bad Request"
2026-09-18 11:08:17,215 | INFO | httpx | HTTP Request: GET http://testserver/api/items/999999 "HTTP/1.1 404 Not Found"
2026-09-18 11:08:17,222 | INFO | httpx | HTTP Request: POST http://testserver/api/demo/items "HTTP/1.1 200 OK"
2026-09-18 11:08:17,224 | INFO | httpx | HTTP Request: PATCH http://testserver/api/items/5 "HTTP/1.1 400 Bad Request"
2026-09-18 11:08:17,226 | INFO | httpx | HTTP Request: PATCH http://testserver/api/items/5 "HTTP/1.1 400 Bad Request"
2026-09-18 11:08:17,227 | INFO | httpx | HTTP Request: PATCH http://testserver/api/items/5 "HTTP/1.1 422 Unprocessable Entity"
2026-09-18 11:08:17,227 | INFO | httpx | HTTP Request: POST http://testserver/api/items/5/extend "HTTP/1.1 422 Unprocessable Entity"
2026-09-18 11:08:17,228 | INFO | httpx | HTTP Request: PUT http://testserver/api/settings "HTTP/1.1 400 Bad Request"
2026-09-18 11:08:17,229 | INFO | httpx | HTTP Request: PUT http://testserver/api/settings "HTTP/1.1 400 Bad Request"
2026-09-18 11:08:17,229 | INFO | httpx | HTTP Request: PUT http://testserver/api/settings "HTTP/1.1 400 Bad Request"
2026-09-18 11:08:17,230 | INFO | httpx | HTTP Request: PUT http://testserver/api/settings "HTTP/1.1 400 Bad Request"
2026-09-18 11:08:17,231 | INFO | httpx | HTTP Request: PUT http://testserver/api/settings "HTTP/1.1 400 Bad Request"
2026-09-18 11:08:17,233 | INFO | httpx | HTTP Request: PUT http://testserver/api/settings "HTTP/1.1 400 Bad Request"
2026-09-18 11:08:17,236 | INFO | httpx | HTTP Request: PUT http://testserver/api/settings "HTTP/1.1 400 Bad Request"
2026-09-18 11:08:17,344 | INFO | httpx | HTTP Request: POST http://testserver/api/items/11/recover "HTTP/1.1 200 OK"
2026-09-18 11:08:17,347 | INFO | httpx | HTTP Request: POST http://testserver/api/items/11/recover "HTTP/1.1 200 OK"
2026-09-18 11:08:17,349 | INFO | httpx | HTTP Request: POST http://testserver/api/items/11/dispose "HTTP/1.1 409 Conflict"
2026-09-18 11:08:17,353 | INFO | httpx | HTTP Request: POST http://testserver/api/items/11/restore "HTTP/1.1 200 OK"
2026-09-18 11:08:17,355 | INFO | httpx | HTTP Request: POST http://testserver/api/items/11/restore "HTTP/1.1 200 OK"
2026-09-18 11:08:17,364 | INFO | httpx | HTTP Request: POST http://testserver/api/items/12/dispose "HTTP/1.1 200 OK"
2026-09-18 11:08:17,366 | INFO | httpx | HTTP Request: POST http://testserver/api/items/12/dispose "HTTP/1.1 200 OK"
2026-09-18 11:08:17,368 | INFO | httpx | HTTP Request: POST http://testserver/api/items/12/recover "HTTP/1.1 409 Conflict"
2026-09-18 11:08:17,369 | INFO | httpx | HTTP Request: POST http://testserver/api/items/999999/recover "HTTP/1.1 404 Not Found"
2026-09-18 11:08:17,371 | INFO | httpx | HTTP Request: POST http://testserver/api/items/999999/dispose "HTTP/1.1 404 Not Found"
2026-09-18 11:08:17,373 | INFO | httpx | HTTP Request: POST http://testserver/api/items/999999/restore "HTTP/1.1 404 Not Found"
2026-09-18 11:08:17,476 | INFO | httpx | HTTP Request: PUT http://testserver/api/settings "HTTP/1.1 200 OK"
2026-09-18 11:08:17,479 | INFO | httpx | HTTP Request: GET http://testserver/api/settings "HTTP/1.1 200 OK"
2026-09-18 11:08:17,483 | INFO | httpx | HTTP Request: POST http://testserver/api/camera/rebaseline "HTTP/1.1 200 OK"
2026-09-18 11:08:17,932 | INFO | httpx | HTTP Request: PUT http://testserver/api/settings "HTTP/1.1 400 Bad Request"
2026-09-18 11:08:17,935 | INFO | httpx | HTTP Request: PUT http://testserver/api/settings "HTTP/1.1 400 Bad Request"
2026-09-18 11:08:17,939 | INFO | httpx | HTTP Request: PUT http://testserver/api/settings "HTTP/1.1 400 Bad Request"
2026-09-18 11:08:17,943 | INFO | httpx | HTTP Request: PUT http://testserver/api/settings "HTTP/1.1 400 Bad Request"
2026-09-18 11:08:17,946 | INFO | httpx | HTTP Request: PUT http://testserver/api/settings "HTTP/1.1 400 Bad Request"
2026-09-18 11:08:17,948 | INFO | httpx | HTTP Request: PUT http://testserver/api/settings "HTTP/1.1 400 Bad Request"
2026-09-18 11:08:17,951 | INFO | httpx | HTTP Request: PUT http://testserver/api/settings "HTTP/1.1 400 Bad Request"
2026-09-18 11:08:17,954 | INFO | httpx | HTTP Request: PUT http://testserver/api/settings "HTTP/1.1 400 Bad Request"
2026-09-18 11:08:17,957 | INFO | httpx | HTTP Request: PUT http://testserver/api/settings "HTTP/1.1 400 Bad Request"
2026-09-18 11:08:17,960 | INFO | httpx | HTTP Request: PUT http://testserver/api/settings "HTTP/1.1 400 Bad Request"
2026-09-18 11:08:17,990 | INFO | httpx | HTTP Request: POST http://testserver/api/items/1/extend "HTTP/1.1 200 OK"
2026-09-18 11:08:18,017 | INFO | httpx | HTTP Request: POST http://testserver/api/maintenance/reset "HTTP/1.1 409 Conflict"
2026-09-18 11:08:18,037 | INFO | httpx | HTTP Request: PATCH http://testserver/api/items/1 "HTTP/1.1 400 Bad Request"
2026-09-18 11:08:18,042 | INFO | httpx | HTTP Request: PATCH http://testserver/api/items/1 "HTTP/1.1 400 Bad Request"
2026-09-18 11:08:18,050 | INFO | httpx | HTTP Request: PATCH http://testserver/api/items/1 "HTTP/1.1 200 OK"
2026-09-18 11:08:18,130 | INFO | httpx | HTTP Request: POST http://testserver/api/maintenance/reset "HTTP/1.1 409 Conflict"
2026-09-18 11:08:18,133 | INFO | httpx | HTTP Request: POST http://testserver/api/maintenance/reset "HTTP/1.1 409 Conflict"
2026-09-18 11:08:18,135 | INFO | httpx | HTTP Request: POST http://testserver/api/maintenance/reset "HTTP/1.1 409 Conflict"
2026-09-18 11:08:18,138 | INFO | httpx | HTTP Request: POST http://testserver/api/maintenance/reset "HTTP/1.1 409 Conflict"
2026-09-18 11:08:18,162 | INFO | httpx | HTTP Request: PUT http://testserver/api/settings "HTTP/1.1 200 OK"
2026-09-18 11:08:19,114 | INFO | httpx | HTTP Request: POST http://testserver/api/items/1/dismiss "HTTP/1.1 200 OK"
2026-09-18 11:08:19,118 | INFO | httpx | HTTP Request: GET http://testserver/api/items "HTTP/1.1 200 OK"
2026-09-18 11:08:19,123 | INFO | httpx | HTTP Request: GET http://testserver/api/items?status=dismissed "HTTP/1.1 200 OK"
2026-09-18 11:08:19,128 | INFO | httpx | HTTP Request: POST http://testserver/api/items/1/recover "HTTP/1.1 409 Conflict"
2026-09-18 11:08:19,131 | INFO | httpx | HTTP Request: POST http://testserver/api/items/1/dispose "HTTP/1.1 409 Conflict"
2026-09-18 11:08:19,135 | INFO | httpx | HTTP Request: POST http://testserver/api/items/1/extend "HTTP/1.1 409 Conflict"
2026-09-18 11:08:19,142 | INFO | httpx | HTTP Request: POST http://testserver/api/items/1/restore "HTTP/1.1 200 OK"
2026-09-18 11:08:19,172 | INFO | httpx | HTTP Request: PATCH http://testserver/api/items/1 "HTTP/1.1 200 OK"
2026-09-18 11:08:19,178 | INFO | httpx | HTTP Request: PATCH http://testserver/api/items/1 "HTTP/1.1 200 OK"
2026-09-18 11:08:19,283 | INFO | httpx | HTTP Request: GET http://testserver/api/items?category=food&sort=name&limit=2 "HTTP/1.1 200 OK"
2026-09-18 11:08:19,287 | INFO | httpx | HTTP Request: GET http://testserver/api/items?category=food&sort=name&limit=2&offset=2 "HTTP/1.1 200 OK"
2026-09-18 11:08:19,289 | INFO | httpx | HTTP Request: GET http://testserver/api/items?limit=0 "HTTP/1.1 422 Unprocessable Entity"
2026-09-18 11:08:19,291 | INFO | httpx | HTTP Request: GET http://testserver/api/items?limit=101 "HTTP/1.1 422 Unprocessable Entity"
2026-09-18 11:08:19,292 | INFO | httpx | HTTP Request: GET http://testserver/api/items?offset=-1 "HTTP/1.1 422 Unprocessable Entity"
2026-09-18 11:08:19,297 | INFO | httpx | HTTP Request: GET http://testserver/api/items?sort=sql "HTTP/1.1 400 Bad Request"
2026-09-18 11:08:19,301 | INFO | httpx | HTTP Request: GET http://testserver/api/items?review=unknown "HTTP/1.1 400 Bad Request"
2026-09-18 11:08:19,305 | INFO | httpx | HTTP Request: GET http://testserver/api/items?category=unknown "HTTP/1.1 400 Bad Request"
2026-09-18 11:08:19,521 | INFO | httpx | HTTP Request: PATCH http://testserver/api/items/1 "HTTP/1.1 409 Conflict"
2026-09-18 11:08:19,588 | INFO | httpx | HTTP Request: GET http://testserver/api/dashboard "HTTP/1.1 200 OK"
2026-09-18 11:08:20,134 | INFO | httpx | HTTP Request: GET http://testserver/api/items/1 "HTTP/1.1 200 OK"
2026-09-18 11:08:20,140 | INFO | httpx | HTTP Request: GET http://testserver/api/items/1/image?v=2026-09-18T02:08:20.115859Z "HTTP/1.1 200 OK"
2026-09-18 11:08:20,147 | INFO | httpx | HTTP Request: POST http://testserver/api/maintenance/reset "HTTP/1.1 400 Bad Request"
2026-09-18 11:08:20,170 | INFO | httpx | HTTP Request: POST http://testserver/api/maintenance/reset "HTTP/1.1 200 OK"
2026-09-18 11:08:20,208 | INFO | httpx | HTTP Request: GET http://testserver/api/items/2 "HTTP/1.1 200 OK"
2026-09-18 11:08:20,213 | INFO | httpx | HTTP Request: GET http://testserver/api/items/1/image?v=2026-09-18T02:08:20.115859Z "HTTP/1.1 404 Not Found"
2026-09-18 11:08:20,225 | INFO | httpx | HTTP Request: GET http://testserver/api/items/2/image?v=2026-09-18T02:08:20.193836Z "HTTP/1.1 200 OK"
----------------------------------------------------------------------
Ran 237 tests in 14.513s

OK
