2026-09-18 11:12:48,860 | INFO | httpx | HTTP Request: PUT http://testserver/api/settings "HTTP/1.1 200 OK"
2026-09-18 11:12:48,863 | INFO | httpx | HTTP Request: GET http://testserver/api/settings "HTTP/1.1 200 OK"
2026-09-18 11:12:48,874 | INFO | httpx | HTTP Request: POST http://testserver/api/demo/items "HTTP/1.1 200 OK"
2026-09-18 11:12:48,880 | INFO | httpx | HTTP Request: PATCH http://testserver/api/items/2 "HTTP/1.1 200 OK"
2026-09-18 11:12:48,889 | INFO | httpx | HTTP Request: GET http://testserver/api/items?q=Capstone "HTTP/1.1 200 OK"
2026-09-18 11:12:48,893 | INFO | httpx | HTTP Request: POST http://testserver/api/items/2/recover "HTTP/1.1 200 OK"
2026-09-18 11:12:48,897 | INFO | httpx | HTTP Request: POST http://testserver/api/items/2/restore "HTTP/1.1 200 OK"
2026-09-18 11:12:48,903 | INFO | httpx | HTTP Request: POST http://testserver/api/items/2/extend "HTTP/1.1 200 OK"
2026-09-18 11:12:48,908 | INFO | httpx | HTTP Request: PATCH http://testserver/api/items/2 "HTTP/1.1 200 OK"
2026-09-18 11:12:48,912 | INFO | httpx | HTTP Request: POST http://testserver/api/items/2/dispose "HTTP/1.1 200 OK"
2026-09-18 11:12:48,916 | INFO | httpx | HTTP Request: POST http://testserver/api/items/2/restore "HTTP/1.1 200 OK"
2026-09-18 11:12:48,918 | INFO | httpx | HTTP Request: GET http://testserver/api/items/2 "HTTP/1.1 200 OK"
2026-09-18 11:12:48,926 | INFO | httpx | HTTP Request: POST http://testserver/api/demo/items "HTTP/1.1 200 OK"
2026-09-18 11:12:48,931 | INFO | httpx | HTTP Request: POST http://testserver/api/demo/recover "HTTP/1.1 200 OK"
2026-09-18 11:12:48,935 | INFO | httpx | HTTP Request: POST http://testserver/api/demo/recover "HTTP/1.1 200 OK"
2026-09-18 11:12:48,948 | INFO | httpx | HTTP Request: GET http://testserver/api/health "HTTP/1.1 200 OK"
2026-09-18 11:12:48,958 | INFO | httpx | HTTP Request: GET http://testserver/api/dashboard "HTTP/1.1 200 OK"
2026-09-18 11:12:48,959 | INFO | httpx | HTTP Request: POST http://testserver/api/demo/items "HTTP/1.1 400 Bad Request"
2026-09-18 11:12:48,961 | INFO | httpx | HTTP Request: GET http://testserver/api/items?status=missing "HTTP/1.1 400 Bad Request"
2026-09-18 11:12:48,963 | INFO | httpx | HTTP Request: GET http://testserver/api/items/999999 "HTTP/1.1 404 Not Found"
2026-09-18 11:12:48,974 | INFO | httpx | HTTP Request: POST http://testserver/api/demo/items "HTTP/1.1 200 OK"
2026-09-18 11:12:48,976 | INFO | httpx | HTTP Request: PATCH http://testserver/api/items/5 "HTTP/1.1 400 Bad Request"
2026-09-18 11:12:48,978 | INFO | httpx | HTTP Request: PATCH http://testserver/api/items/5 "HTTP/1.1 400 Bad Request"
2026-09-18 11:12:48,978 | INFO | httpx | HTTP Request: PATCH http://testserver/api/items/5 "HTTP/1.1 422 Unprocessable Entity"
2026-09-18 11:12:48,979 | INFO | httpx | HTTP Request: POST http://testserver/api/items/5/extend "HTTP/1.1 422 Unprocessable Entity"
2026-09-18 11:12:48,980 | INFO | httpx | HTTP Request: PUT http://testserver/api/settings "HTTP/1.1 400 Bad Request"
2026-09-18 11:12:48,980 | INFO | httpx | HTTP Request: PUT http://testserver/api/settings "HTTP/1.1 400 Bad Request"
2026-09-18 11:12:48,981 | INFO | httpx | HTTP Request: PUT http://testserver/api/settings "HTTP/1.1 400 Bad Request"
2026-09-18 11:12:48,982 | INFO | httpx | HTTP Request: PUT http://testserver/api/settings "HTTP/1.1 400 Bad Request"
2026-09-18 11:12:48,983 | INFO | httpx | HTTP Request: PUT http://testserver/api/settings "HTTP/1.1 400 Bad Request"
2026-09-18 11:12:48,985 | INFO | httpx | HTTP Request: PUT http://testserver/api/settings "HTTP/1.1 400 Bad Request"
2026-09-18 11:12:48,988 | INFO | httpx | HTTP Request: PUT http://testserver/api/settings "HTTP/1.1 400 Bad Request"
2026-09-18 11:12:49,096 | INFO | httpx | HTTP Request: POST http://testserver/api/items/11/recover "HTTP/1.1 200 OK"
2026-09-18 11:12:49,098 | INFO | httpx | HTTP Request: POST http://testserver/api/items/11/recover "HTTP/1.1 200 OK"
2026-09-18 11:12:49,099 | INFO | httpx | HTTP Request: POST http://testserver/api/items/11/dispose "HTTP/1.1 409 Conflict"
2026-09-18 11:12:49,104 | INFO | httpx | HTTP Request: POST http://testserver/api/items/11/restore "HTTP/1.1 200 OK"
2026-09-18 11:12:49,106 | INFO | httpx | HTTP Request: POST http://testserver/api/items/11/restore "HTTP/1.1 200 OK"
2026-09-18 11:12:49,114 | INFO | httpx | HTTP Request: POST http://testserver/api/items/12/dispose "HTTP/1.1 200 OK"
2026-09-18 11:12:49,116 | INFO | httpx | HTTP Request: POST http://testserver/api/items/12/dispose "HTTP/1.1 200 OK"
2026-09-18 11:12:49,117 | INFO | httpx | HTTP Request: POST http://testserver/api/items/12/recover "HTTP/1.1 409 Conflict"
2026-09-18 11:12:49,119 | INFO | httpx | HTTP Request: POST http://testserver/api/items/999999/recover "HTTP/1.1 404 Not Found"
2026-09-18 11:12:49,121 | INFO | httpx | HTTP Request: POST http://testserver/api/items/999999/dispose "HTTP/1.1 404 Not Found"
2026-09-18 11:12:49,123 | INFO | httpx | HTTP Request: POST http://testserver/api/items/999999/restore "HTTP/1.1 404 Not Found"
2026-09-18 11:12:49,230 | INFO | httpx | HTTP Request: PUT http://testserver/api/settings "HTTP/1.1 200 OK"
2026-09-18 11:12:49,233 | INFO | httpx | HTTP Request: GET http://testserver/api/settings "HTTP/1.1 200 OK"
2026-09-18 11:12:49,237 | INFO | httpx | HTTP Request: POST http://testserver/api/camera/rebaseline "HTTP/1.1 200 OK"
2026-09-18 11:12:49,679 | INFO | httpx | HTTP Request: PUT http://testserver/api/settings "HTTP/1.1 400 Bad Request"
2026-09-18 11:12:49,682 | INFO | httpx | HTTP Request: PUT http://testserver/api/settings "HTTP/1.1 400 Bad Request"
2026-09-18 11:12:49,685 | INFO | httpx | HTTP Request: PUT http://testserver/api/settings "HTTP/1.1 400 Bad Request"
2026-09-18 11:12:49,688 | INFO | httpx | HTTP Request: PUT http://testserver/api/settings "HTTP/1.1 400 Bad Request"
2026-09-18 11:12:49,691 | INFO | httpx | HTTP Request: PUT http://testserver/api/settings "HTTP/1.1 400 Bad Request"
2026-09-18 11:12:49,694 | INFO | httpx | HTTP Request: PUT http://testserver/api/settings "HTTP/1.1 400 Bad Request"
2026-09-18 11:12:49,696 | INFO | httpx | HTTP Request: PUT http://testserver/api/settings "HTTP/1.1 400 Bad Request"
2026-09-18 11:12:49,699 | INFO | httpx | HTTP Request: PUT http://testserver/api/settings "HTTP/1.1 400 Bad Request"
2026-09-18 11:12:49,702 | INFO | httpx | HTTP Request: PUT http://testserver/api/settings "HTTP/1.1 400 Bad Request"
2026-09-18 11:12:49,705 | INFO | httpx | HTTP Request: PUT http://testserver/api/settings "HTTP/1.1 400 Bad Request"
2026-09-18 11:12:49,736 | INFO | httpx | HTTP Request: POST http://testserver/api/items/1/extend "HTTP/1.1 200 OK"
2026-09-18 11:12:49,759 | INFO | httpx | HTTP Request: POST http://testserver/api/maintenance/reset "HTTP/1.1 409 Conflict"
2026-09-18 11:12:49,777 | INFO | httpx | HTTP Request: PATCH http://testserver/api/items/1 "HTTP/1.1 400 Bad Request"
2026-09-18 11:12:49,781 | INFO | httpx | HTTP Request: PATCH http://testserver/api/items/1 "HTTP/1.1 400 Bad Request"
2026-09-18 11:12:49,788 | INFO | httpx | HTTP Request: PATCH http://testserver/api/items/1 "HTTP/1.1 200 OK"
2026-09-18 11:12:49,843 | INFO | httpx | HTTP Request: POST http://testserver/api/maintenance/reset "HTTP/1.1 409 Conflict"
2026-09-18 11:12:49,845 | INFO | httpx | HTTP Request: POST http://testserver/api/maintenance/reset "HTTP/1.1 409 Conflict"
2026-09-18 11:12:49,848 | INFO | httpx | HTTP Request: POST http://testserver/api/maintenance/reset "HTTP/1.1 409 Conflict"
2026-09-18 11:12:49,849 | INFO | httpx | HTTP Request: POST http://testserver/api/maintenance/reset "HTTP/1.1 409 Conflict"
2026-09-18 11:12:49,871 | INFO | httpx | HTTP Request: PUT http://testserver/api/settings "HTTP/1.1 200 OK"
2026-09-18 11:12:50,832 | INFO | httpx | HTTP Request: POST http://testserver/api/demo/recover "HTTP/1.1 404 Not Found"
2026-09-18 11:12:50,835 | INFO | httpx | HTTP Request: POST http://testserver/api/demo/recover "HTTP/1.1 409 Conflict"
2026-09-18 11:12:50,843 | INFO | httpx | HTTP Request: POST http://testserver/api/demo/items "HTTP/1.1 200 OK"
2026-09-18 11:12:50,849 | INFO | httpx | HTTP Request: PATCH http://testserver/api/items/2 "HTTP/1.1 200 OK"
2026-09-18 11:12:50,858 | INFO | httpx | HTTP Request: POST http://testserver/api/demo/recover "HTTP/1.1 200 OK"
2026-09-18 11:12:50,904 | INFO | httpx | HTTP Request: POST http://testserver/api/items/1/dismiss "HTTP/1.1 200 OK"
2026-09-18 11:12:50,908 | INFO | httpx | HTTP Request: GET http://testserver/api/items "HTTP/1.1 200 OK"
2026-09-18 11:12:50,912 | INFO | httpx | HTTP Request: GET http://testserver/api/items?status=dismissed "HTTP/1.1 200 OK"
2026-09-18 11:12:50,917 | INFO | httpx | HTTP Request: POST http://testserver/api/items/1/recover "HTTP/1.1 409 Conflict"
2026-09-18 11:12:50,919 | INFO | httpx | HTTP Request: POST http://testserver/api/items/1/dispose "HTTP/1.1 409 Conflict"
2026-09-18 11:12:50,922 | INFO | httpx | HTTP Request: POST http://testserver/api/items/1/extend "HTTP/1.1 409 Conflict"
2026-09-18 11:12:50,929 | INFO | httpx | HTTP Request: POST http://testserver/api/items/1/restore "HTTP/1.1 200 OK"
2026-09-18 11:12:50,956 | INFO | httpx | HTTP Request: PATCH http://testserver/api/items/1 "HTTP/1.1 200 OK"
2026-09-18 11:12:50,962 | INFO | httpx | HTTP Request: PATCH http://testserver/api/items/1 "HTTP/1.1 200 OK"
2026-09-18 11:12:51,056 | INFO | httpx | HTTP Request: GET http://testserver/api/items?category=food&sort=name&limit=2 "HTTP/1.1 200 OK"
2026-09-18 11:12:51,076 | INFO | httpx | HTTP Request: GET http://testserver/api/items?category=food&sort=name&limit=2&offset=2 "HTTP/1.1 200 OK"
2026-09-18 11:12:51,077 | INFO | httpx | HTTP Request: GET http://testserver/api/items?limit=0 "HTTP/1.1 422 Unprocessable Entity"
2026-09-18 11:12:51,079 | INFO | httpx | HTTP Request: GET http://testserver/api/items?limit=101 "HTTP/1.1 422 Unprocessable Entity"
2026-09-18 11:12:51,080 | INFO | httpx | HTTP Request: GET http://testserver/api/items?offset=-1 "HTTP/1.1 422 Unprocessable Entity"
2026-09-18 11:12:51,083 | INFO | httpx | HTTP Request: GET http://testserver/api/items?sort=sql "HTTP/1.1 400 Bad Request"
2026-09-18 11:12:51,086 | INFO | httpx | HTTP Request: GET http://testserver/api/items?review=unknown "HTTP/1.1 400 Bad Request"
2026-09-18 11:12:51,089 | INFO | httpx | HTTP Request: GET http://testserver/api/items?category=unknown "HTTP/1.1 400 Bad Request"
2026-09-18 11:12:51,222 | INFO | httpx | HTTP Request: PATCH http://testserver/api/items/1 "HTTP/1.1 409 Conflict"
2026-09-18 11:12:51,254 | INFO | httpx | HTTP Request: GET http://testserver/api/dashboard "HTTP/1.1 200 OK"
2026-09-18 11:12:51,598 | INFO | httpx | HTTP Request: GET http://testserver/api/items/1 "HTTP/1.1 200 OK"
2026-09-18 11:12:51,603 | INFO | httpx | HTTP Request: GET http://testserver/api/items/1/image?v=2026-09-18T02:12:51.587900Z "HTTP/1.1 200 OK"
2026-09-18 11:12:51,608 | INFO | httpx | HTTP Request: POST http://testserver/api/maintenance/reset "HTTP/1.1 400 Bad Request"
2026-09-18 11:12:51,627 | INFO | httpx | HTTP Request: POST http://testserver/api/maintenance/reset "HTTP/1.1 200 OK"
2026-09-18 11:12:51,641 | INFO | httpx | HTTP Request: GET http://testserver/api/items/2 "HTTP/1.1 200 OK"
2026-09-18 11:12:51,642 | INFO | httpx | HTTP Request: GET http://testserver/api/items/1/image?v=2026-09-18T02:12:51.587900Z "HTTP/1.1 404 Not Found"
2026-09-18 11:12:51,647 | INFO | httpx | HTTP Request: GET http://testserver/api/items/2/image?v=2026-09-18T02:12:51.635249Z "HTTP/1.1 200 OK"
2026-09-18 11:12:58,838 | WARNING | app.vision | Vision delivery ended with 1 uncommitted event(s); committed=1; event_ids=['072138c431bd4632affd483064b020c2']
2026-09-18 11:12:58,947 | WARNING | app.vision | Vision delivery ended with 1 uncommitted event(s); committed=0; event_ids=['eb4681ac8e1c4d74b799c428ec7c431b']
2026-09-18 11:12:59,519 | WARNING | app.vision | Vision delivery ended with 1 uncommitted event(s); committed=0; event_ids=['976c9da3e9064991b5118eeddd3aaeb3']
----------------------------------------------------------------------
Ran 240 tests in 11.383s

OK
